1>2>3>4>No hay una cronologÃ­a consistente.
5>Fin.
