1>2>3>4>Con precios: 2 7 6 1 8 
La ganancia maxima con 1 disparo(s) es: 7000 
5>Fin.
