1>2>3>4>Con precios: 2 7 6 1 8 10 
La ganancia maxima con 2 disparo(s) es: 14000 
5>Fin.
