1>2>3>4>Con precios: 2 7 6 1 8 10 5 11 
La ganancia maxima con 2 disparo(s) es: 15000 
5>6>Con precios: 2 7 6 1 8 10 5 11 
La ganancia maxima con 3 disparo(s) es: 20000 
7>Fin.
