1>2>3>4>Con precios: 2 7 6 1 8 10 5 11 12 
La ganancia maxima con 2 disparo(s) es: 16000 
5>6>Con precios: 2 7 6 1 8 10 5 11 12 
La ganancia maxima con 3 disparo(s) es: 21000 
7>Fin.
