1>2>3>4>Con precios: 2 7 6 1 8 10 5 11 12 15 
La ganancia maxima con 2 disparo(s) es: 19000 
5>6>Con precios: 2 7 6 1 8 10 5 11 12 15 
La ganancia maxima con 3 disparo(s) es: 24000 
7>8>Con precios: 2 7 6 1 8 10 5 11 12 15 
La ganancia maxima con 4 disparo(s) es: 24000 
9>Fin.
