1>2>3>4>Con precios: 2 7 6 1 8 10 5 11 8 19 5 40 
La ganancia maxima con 2 disparo(s) es: 53000 
5>6>Con precios: 2 7 6 1 8 10 5 11 8 19 5 40 
La ganancia maxima con 3 disparo(s) es: 58000 
7>8>Con precios: 2 7 6 1 8 10 5 11 8 19 5 40 
La ganancia maxima con 4 disparo(s) es: 63000 
9>10>Con precios: 2 7 6 1 8 10 5 11 8 19 5 40 
La ganancia maxima con 5 disparo(s) es: 66000 
11>Fin.
