1>La ganancia maxima con 10 disparo(s) es: 9989000 
2>Fin.
