1>Se imprimen los primeros 100: 
1 1 1 1 1 1 2 1 1 1 2 1 1 2 1 1 1 1 2 1 1 2 1 1 1 1 3 2 3 1 1 1 1 1 2 1 1 2 1 1 1 1 3 2 3 1 1 1 1 1 2 1 1 3 2 2 2 3 1 1 2 1 1 1 1 1 2 1 1 2 1 1 1 1 3 2 3 1 1 1 1 1 2 1 1 3 2 2 2 3 1 1 2 1 1 1 1 1 2 1 
2>Fin.
