1>2>1 1 1 1 1 1 1 1 1 2 6 2 1 1 2 1 1 1 1 1 
3>Fin.
